// 重构日志: 6e78de92
// 重构日志: 6711cc80
// 重构日志: 80634156
// 重构日志: 57b72e82
// 同步 ID: a8423f35 @ Thu Jul 23 16:28:59 UTC 2026
// 同步 ID: 49af3e88 @ Fri Jul 24 13:09:00 UTC 2026
// 同步 ID: 7149832d @ Sat Jul 25 01:48:27 UTC 2026
// 同步 ID: 3249d58a @ Sat Jul 25 16:13:00 UTC 2026
// 重构日志: 779c2469
// 重构日志: e30058df
// 重构日志: 2af9ead9
// 重构日志: a582f78c
// 重构日志: fb0ecb2d
// 同步 ID: 26962205 @ Mon Jul 27 09:18:55 UTC 2026
// 重构日志: 97471971
// 重构日志: 561dc446
// 重构日志: e012e6bb
// 同步 ID: d378a33d @ Wed Jul 29 11:59:26 UTC 2026
// 同步 ID: 72ac7dc5 @ Wed Jul 29 20:49:28 UTC 2026
// 同步 ID: e44d5140 @ Wed Jul 29 23:16:44 UTC 2026
// 重构日志: 3382b0a8
// 重构日志: 68f3080f
// 同步 ID: 4c60c72a @ Thu Jul 30 10:03:17 UTC 2026
// 同步 ID: 6cad0ca1 @ Thu Jul 30 14:51:24 UTC 2026
// 重构日志: 15eb2a26
// 同步 ID: dff3e64d @ Fri Jul 31 08:52:21 UTC 2026
// 重构日志: 6f7ede66
// 重构日志: 09d562ec
// 重构日志: e93e6e31
// 同步 ID: 63d14fd3 @ Sun Aug  2 15:40:20 UTC 2026
